src/App.tsx(67,11): error TS2741: Property 'leaderboard' is missing in type '{ dashboard: string; missions: string; learning: string; quiz: string; security: string; assistant: string; }' but required in type 'Record<View, string>'.
src/components/common/MintBadgeButton.tsx(165,40): error TS2367: This comparison appears to be unintentional because the types '"0xD7ACd2a9FD159E69Bb102A1ca21C9a3e3A5F771B"' and '"0x0000000000000000000000000000000000000000"' have no overlap.
src/features/leaderboard/components/LeaderboardBadges.tsx(15,5): error TS2322: Type '[] | [{ address: `0x${string}`; abi: readonly [{ readonly inputs: readonly [{ readonly internalType: "string"; readonly name: "_baseURI"; readonly type: "string"; }]; readonly stateMutability: "nonpayable"; readonly type: "constructor"; }, ... 4 more ..., { ...; }]; functionName: "balanceOf"; args: [...]; }, { ...; ...' is not assignable to type 'MulticallContracts<Narrow<readonly [] | readonly [{ readonly address: `0x${string}`; readonly abi: readonly [{ readonly inputs: readonly [{ readonly internalType: "string"; readonly name: "_baseURI"; readonly type: "string"; }]; readonly stateMutability: "nonpayable"; readonly type: "constructor"; }, ... 4 more ...,...'.
  Type '[{ address: `0x${string}`; abi: readonly [{ readonly inputs: readonly [{ readonly internalType: "string"; readonly name: "_baseURI"; readonly type: "string"; }]; readonly stateMutability: "nonpayable"; readonly type: "constructor"; }, ... 4 more ..., { ...; }]; functionName: "balanceOf"; args: [...]; }, { ...; }, { ...' is not assignable to type 'MulticallContracts<Narrow<readonly [] | readonly [{ readonly address: `0x${string}`; readonly abi: readonly [{ readonly inputs: readonly [{ readonly internalType: "string"; readonly name: "_baseURI"; readonly type: "string"; }]; readonly stateMutability: "nonpayable"; readonly type: "constructor"; }, ... 4 more ...,...'.
    Type '[{ address: `0x${string}`; abi: readonly [{ readonly inputs: readonly [{ readonly internalType: "string"; readonly name: "_baseURI"; readonly type: "string"; }]; readonly stateMutability: "nonpayable"; readonly type: "constructor"; }, ... 4 more ..., { ...; }]; functionName: "balanceOf"; args: [...]; }, { ...; }, { ...' is not assignable to type 'readonly [{ abi?: readonly [{ readonly inputs: readonly [{ readonly internalType: "string"; readonly name: "_baseURI"; readonly type: "string"; }]; readonly stateMutability: "nonpayable"; readonly type: "constructor"; }, ... 4 more ..., { ...; }] | undefined; functionName?: "balanceOf" | ... 3 more ... | undefined; ...'.
      Type at position 0 in source is not compatible with type at position 0 in target.
        Type at position 1 in source is not compatible with type at position 1 in target.
          The types of 'args' are incompatible between these types.
            Type 'number' is not assignable to type 'bigint'.
src/features/leaderboard/components/LeaderboardBadges.tsx(36,7): error TS2322: Type 'boolean | ""' is not assignable to type 'QueryBooleanOption<ReadContractsQueryFnData<readonly [] | readonly [{ readonly address: `0x${string}`; readonly abi: readonly [{ readonly inputs: readonly [{ readonly internalType: "string"; readonly name: "_baseURI"; readonly type: "string"; }]; readonly stateMutability: "nonpayable"; readonly type: "constructor"; ...'.
  Type '""' is not assignable to type 'QueryBooleanOption<ReadContractsQueryFnData<readonly [] | readonly [{ readonly address: `0x${string}`; readonly abi: readonly [{ readonly inputs: readonly [{ readonly internalType: "string"; readonly name: "_baseURI"; readonly type: "string"; }]; readonly stateMutability: "nonpayable"; readonly type: "constructor"; ...'.
src/features/missions/MissionsView.tsx(11,43): error TS2322: Type '(view: View) => void' is not assignable to type '(view: string) => void'.
  Types of parameters 'view' and 'view' are incompatible.
    Type 'string' is not assignable to type 'View'.
src/features/quiz/ArchetypeResult.tsx(426,44): error TS2367: This comparison appears to be unintentional because the types '"0xD7ACd2a9FD159E69Bb102A1ca21C9a3e3A5F771B"' and '"0x0000000000000000000000000000000000000000"' have no overlap.
